###############################################################################
#
# IAR ELF Linker V7.50.1.10123/W32 for ARM                04/Dec/2017  18:40:45
# Copyright 2007-2015 IAR Systems AB.
#
#    Output file  =  
#        F:\iar\Micrium_uC-Eval-STM32F107_uCOS-III -
#        副本\Micrium\Software\EvalBoards\Micrium\uC-Eval-STM32F107\uCOS-III\IAR\Flash\Exe\OS.out
#    Map file     =  
#        F:\iar\Micrium_uC-Eval-STM32F107_uCOS-III -
#        副本\Micrium\Software\EvalBoards\Micrium\uC-Eval-STM32F107\uCOS-III\IAR\Flash\List\OS.map
#    Command line =  
#        "F:\iar\Micrium_uC-Eval-STM32F107_uCOS-III -
#        副本\Micrium\Software\EvalBoards\Micrium\uC-Eval-STM32F107\uCOS-III\IAR\Flash\Obj\app.o"
#        "F:\iar\Micrium_uC-Eval-STM32F107_uCOS-III -
#        副本\Micrium\Software\EvalBoards\Micrium\uC-Eval-STM32F107\uCOS-III\IAR\Flash\Obj\boot.o"
#        "F:\iar\Micrium_uC-Eval-STM32F107_uCOS-III -
#        副本\Micrium\Software\EvalBoards\Micrium\uC-Eval-STM32F107\uCOS-III\IAR\Flash\Obj\bsp.o"
#        "F:\iar\Micrium_uC-Eval-STM32F107_uCOS-III -
#        副本\Micrium\Software\EvalBoards\Micrium\uC-Eval-STM32F107\uCOS-III\IAR\Flash\Obj\bsp_flash.o"
#        "F:\iar\Micrium_uC-Eval-STM32F107_uCOS-III -
#        副本\Micrium\Software\EvalBoards\Micrium\uC-Eval-STM32F107\uCOS-III\IAR\Flash\Obj\bsp_i2c.o"
#        "F:\iar\Micrium_uC-Eval-STM32F107_uCOS-III -
#        副本\Micrium\Software\EvalBoards\Micrium\uC-Eval-STM32F107\uCOS-III\IAR\Flash\Obj\bsp_int.o"
#        "F:\iar\Micrium_uC-Eval-STM32F107_uCOS-III -
#        副本\Micrium\Software\EvalBoards\Micrium\uC-Eval-STM32F107\uCOS-III\IAR\Flash\Obj\bsp_os.o"
#        "F:\iar\Micrium_uC-Eval-STM32F107_uCOS-III -
#        副本\Micrium\Software\EvalBoards\Micrium\uC-Eval-STM32F107\uCOS-III\IAR\Flash\Obj\bsp_periph.o"
#        "F:\iar\Micrium_uC-Eval-STM32F107_uCOS-III -
#        副本\Micrium\Software\EvalBoards\Micrium\uC-Eval-STM32F107\uCOS-III\IAR\Flash\Obj\bsp_ser.o"
#        "F:\iar\Micrium_uC-Eval-STM32F107_uCOS-III -
#        副本\Micrium\Software\EvalBoards\Micrium\uC-Eval-STM32F107\uCOS-III\IAR\Flash\Obj\bsp_stlm75.o"
#        "F:\iar\Micrium_uC-Eval-STM32F107_uCOS-III -
#        副本\Micrium\Software\EvalBoards\Micrium\uC-Eval-STM32F107\uCOS-III\IAR\Flash\Obj\cnscpackdeal.o"
#        "F:\iar\Micrium_uC-Eval-STM32F107_uCOS-III -
#        副本\Micrium\Software\EvalBoards\Micrium\uC-Eval-STM32F107\uCOS-III\IAR\Flash\Obj\core_cm3.o"
#        "F:\iar\Micrium_uC-Eval-STM32F107_uCOS-III -
#        副本\Micrium\Software\EvalBoards\Micrium\uC-Eval-STM32F107\uCOS-III\IAR\Flash\Obj\cpu_a.o"
#        "F:\iar\Micrium_uC-Eval-STM32F107_uCOS-III -
#        副本\Micrium\Software\EvalBoards\Micrium\uC-Eval-STM32F107\uCOS-III\IAR\Flash\Obj\cpu_c.o"
#        "F:\iar\Micrium_uC-Eval-STM32F107_uCOS-III -
#        副本\Micrium\Software\EvalBoards\Micrium\uC-Eval-STM32F107\uCOS-III\IAR\Flash\Obj\cpu_core.o"
#        "F:\iar\Micrium_uC-Eval-STM32F107_uCOS-III -
#        副本\Micrium\Software\EvalBoards\Micrium\uC-Eval-STM32F107\uCOS-III\IAR\Flash\Obj\crccheck.o"
#        "F:\iar\Micrium_uC-Eval-STM32F107_uCOS-III -
#        副本\Micrium\Software\EvalBoards\Micrium\uC-Eval-STM32F107\uCOS-III\IAR\Flash\Obj\cstartup.o"
#        "F:\iar\Micrium_uC-Eval-STM32F107_uCOS-III -
#        副本\Micrium\Software\EvalBoards\Micrium\uC-Eval-STM32F107\uCOS-III\IAR\Flash\Obj\iap_flash.o"
#        "F:\iar\Micrium_uC-Eval-STM32F107_uCOS-III -
#        副本\Micrium\Software\EvalBoards\Micrium\uC-Eval-STM32F107\uCOS-III\IAR\Flash\Obj\iap_program.o"
#        "F:\iar\Micrium_uC-Eval-STM32F107_uCOS-III -
#        副本\Micrium\Software\EvalBoards\Micrium\uC-Eval-STM32F107\uCOS-III\IAR\Flash\Obj\lib_ascii.o"
#        "F:\iar\Micrium_uC-Eval-STM32F107_uCOS-III -
#        副本\Micrium\Software\EvalBoards\Micrium\uC-Eval-STM32F107\uCOS-III\IAR\Flash\Obj\lib_math.o"
#        "F:\iar\Micrium_uC-Eval-STM32F107_uCOS-III -
#        副本\Micrium\Software\EvalBoards\Micrium\uC-Eval-STM32F107\uCOS-III\IAR\Flash\Obj\lib_mem.o"
#        "F:\iar\Micrium_uC-Eval-STM32F107_uCOS-III -
#        副本\Micrium\Software\EvalBoards\Micrium\uC-Eval-STM32F107\uCOS-III\IAR\Flash\Obj\lib_mem_a.o"
#        "F:\iar\Micrium_uC-Eval-STM32F107_uCOS-III -
#        副本\Micrium\Software\EvalBoards\Micrium\uC-Eval-STM32F107\uCOS-III\IAR\Flash\Obj\lib_str.o"
#        "F:\iar\Micrium_uC-Eval-STM32F107_uCOS-III -
#        副本\Micrium\Software\EvalBoards\Micrium\uC-Eval-STM32F107\uCOS-III\IAR\Flash\Obj\os_app_hooks.o"
#        "F:\iar\Micrium_uC-Eval-STM32F107_uCOS-III -
#        副本\Micrium\Software\EvalBoards\Micrium\uC-Eval-STM32F107\uCOS-III\IAR\Flash\Obj\os_cfg_app.o"
#        "F:\iar\Micrium_uC-Eval-STM32F107_uCOS-III -
#        副本\Micrium\Software\EvalBoards\Micrium\uC-Eval-STM32F107\uCOS-III\IAR\Flash\Obj\os_core.o"
#        "F:\iar\Micrium_uC-Eval-STM32F107_uCOS-III -
#        副本\Micrium\Software\EvalBoards\Micrium\uC-Eval-STM32F107\uCOS-III\IAR\Flash\Obj\os_cpu_a.o"
#        "F:\iar\Micrium_uC-Eval-STM32F107_uCOS-III -
#        副本\Micrium\Software\EvalBoards\Micrium\uC-Eval-STM32F107\uCOS-III\IAR\Flash\Obj\os_cpu_c.o"
#        "F:\iar\Micrium_uC-Eval-STM32F107_uCOS-III -
#        副本\Micrium\Software\EvalBoards\Micrium\uC-Eval-STM32F107\uCOS-III\IAR\Flash\Obj\os_dbg.o"
#        "F:\iar\Micrium_uC-Eval-STM32F107_uCOS-III -
#        副本\Micrium\Software\EvalBoards\Micrium\uC-Eval-STM32F107\uCOS-III\IAR\Flash\Obj\os_flag.o"
#        "F:\iar\Micrium_uC-Eval-STM32F107_uCOS-III -
#        副本\Micrium\Software\EvalBoards\Micrium\uC-Eval-STM32F107\uCOS-III\IAR\Flash\Obj\os_int.o"
#        "F:\iar\Micrium_uC-Eval-STM32F107_uCOS-III -
#        副本\Micrium\Software\EvalBoards\Micrium\uC-Eval-STM32F107\uCOS-III\IAR\Flash\Obj\os_mem.o"
#        "F:\iar\Micrium_uC-Eval-STM32F107_uCOS-III -
#        副本\Micrium\Software\EvalBoards\Micrium\uC-Eval-STM32F107\uCOS-III\IAR\Flash\Obj\os_msg.o"
#        "F:\iar\Micrium_uC-Eval-STM32F107_uCOS-III -
#        副本\Micrium\Software\EvalBoards\Micrium\uC-Eval-STM32F107\uCOS-III\IAR\Flash\Obj\os_mutex.o"
#        "F:\iar\Micrium_uC-Eval-STM32F107_uCOS-III -
#        副本\Micrium\Software\EvalBoards\Micrium\uC-Eval-STM32F107\uCOS-III\IAR\Flash\Obj\os_pend_multi.o"
#        "F:\iar\Micrium_uC-Eval-STM32F107_uCOS-III -
#        副本\Micrium\Software\EvalBoards\Micrium\uC-Eval-STM32F107\uCOS-III\IAR\Flash\Obj\os_prio.o"
#        "F:\iar\Micrium_uC-Eval-STM32F107_uCOS-III -
#        副本\Micrium\Software\EvalBoards\Micrium\uC-Eval-STM32F107\uCOS-III\IAR\Flash\Obj\os_q.o"
#        "F:\iar\Micrium_uC-Eval-STM32F107_uCOS-III -
#        副本\Micrium\Software\EvalBoards\Micrium\uC-Eval-STM32F107\uCOS-III\IAR\Flash\Obj\os_sem.o"
#        "F:\iar\Micrium_uC-Eval-STM32F107_uCOS-III -
#        副本\Micrium\Software\EvalBoards\Micrium\uC-Eval-STM32F107\uCOS-III\IAR\Flash\Obj\os_stat.o"
#        "F:\iar\Micrium_uC-Eval-STM32F107_uCOS-III -
#        副本\Micrium\Software\EvalBoards\Micrium\uC-Eval-STM32F107\uCOS-III\IAR\Flash\Obj\os_task.o"
#        "F:\iar\Micrium_uC-Eval-STM32F107_uCOS-III -
#        副本\Micrium\Software\EvalBoards\Micrium\uC-Eval-STM32F107\uCOS-III\IAR\Flash\Obj\os_tick.o"
#        "F:\iar\Micrium_uC-Eval-STM32F107_uCOS-III -
#        副本\Micrium\Software\EvalBoards\Micrium\uC-Eval-STM32F107\uCOS-III\IAR\Flash\Obj\os_time.o"
#        "F:\iar\Micrium_uC-Eval-STM32F107_uCOS-III -
#        副本\Micrium\Software\EvalBoards\Micrium\uC-Eval-STM32F107\uCOS-III\IAR\Flash\Obj\os_tmr.o"
#        "F:\iar\Micrium_uC-Eval-STM32F107_uCOS-III -
#        副本\Micrium\Software\EvalBoards\Micrium\uC-Eval-STM32F107\uCOS-III\IAR\Flash\Obj\os_var.o"
#        "F:\iar\Micrium_uC-Eval-STM32F107_uCOS-III -
#        副本\Micrium\Software\EvalBoards\Micrium\uC-Eval-STM32F107\uCOS-III\IAR\Flash\Obj\stm32f10x_adc.o"
#        "F:\iar\Micrium_uC-Eval-STM32F107_uCOS-III -
#        副本\Micrium\Software\EvalBoards\Micrium\uC-Eval-STM32F107\uCOS-III\IAR\Flash\Obj\stm32f10x_bkp.o"
#        "F:\iar\Micrium_uC-Eval-STM32F107_uCOS-III -
#        副本\Micrium\Software\EvalBoards\Micrium\uC-Eval-STM32F107\uCOS-III\IAR\Flash\Obj\stm32f10x_can.o"
#        "F:\iar\Micrium_uC-Eval-STM32F107_uCOS-III -
#        副本\Micrium\Software\EvalBoards\Micrium\uC-Eval-STM32F107\uCOS-III\IAR\Flash\Obj\stm32f10x_crc.o"
#        "F:\iar\Micrium_uC-Eval-STM32F107_uCOS-III -
#        副本\Micrium\Software\EvalBoards\Micrium\uC-Eval-STM32F107\uCOS-III\IAR\Flash\Obj\stm32f10x_dac.o"
#        "F:\iar\Micrium_uC-Eval-STM32F107_uCOS-III -
#        副本\Micrium\Software\EvalBoards\Micrium\uC-Eval-STM32F107\uCOS-III\IAR\Flash\Obj\stm32f10x_dbgmcu.o"
#        "F:\iar\Micrium_uC-Eval-STM32F107_uCOS-III -
#        副本\Micrium\Software\EvalBoards\Micrium\uC-Eval-STM32F107\uCOS-III\IAR\Flash\Obj\stm32f10x_dma.o"
#        "F:\iar\Micrium_uC-Eval-STM32F107_uCOS-III -
#        副本\Micrium\Software\EvalBoards\Micrium\uC-Eval-STM32F107\uCOS-III\IAR\Flash\Obj\stm32f10x_exti.o"
#        "F:\iar\Micrium_uC-Eval-STM32F107_uCOS-III -
#        副本\Micrium\Software\EvalBoards\Micrium\uC-Eval-STM32F107\uCOS-III\IAR\Flash\Obj\stm32f10x_flash.o"
#        "F:\iar\Micrium_uC-Eval-STM32F107_uCOS-III -
#        副本\Micrium\Software\EvalBoards\Micrium\uC-Eval-STM32F107\uCOS-III\IAR\Flash\Obj\stm32f10x_fsmc.o"
#        "F:\iar\Micrium_uC-Eval-STM32F107_uCOS-III -
#        副本\Micrium\Software\EvalBoards\Micrium\uC-Eval-STM32F107\uCOS-III\IAR\Flash\Obj\stm32f10x_gpio.o"
#        "F:\iar\Micrium_uC-Eval-STM32F107_uCOS-III -
#        副本\Micrium\Software\EvalBoards\Micrium\uC-Eval-STM32F107\uCOS-III\IAR\Flash\Obj\stm32f10x_i2c.o"
#        "F:\iar\Micrium_uC-Eval-STM32F107_uCOS-III -
#        副本\Micrium\Software\EvalBoards\Micrium\uC-Eval-STM32F107\uCOS-III\IAR\Flash\Obj\stm32f10x_iwdg.o"
#        "F:\iar\Micrium_uC-Eval-STM32F107_uCOS-III -
#        副本\Micrium\Software\EvalBoards\Micrium\uC-Eval-STM32F107\uCOS-III\IAR\Flash\Obj\stm32f10x_lib.o"
#        "F:\iar\Micrium_uC-Eval-STM32F107_uCOS-III -
#        副本\Micrium\Software\EvalBoards\Micrium\uC-Eval-STM32F107\uCOS-III\IAR\Flash\Obj\stm32f10x_nvic.o"
#        "F:\iar\Micrium_uC-Eval-STM32F107_uCOS-III -
#        副本\Micrium\Software\EvalBoards\Micrium\uC-Eval-STM32F107\uCOS-III\IAR\Flash\Obj\stm32f10x_pwr.o"
#        "F:\iar\Micrium_uC-Eval-STM32F107_uCOS-III -
#        副本\Micrium\Software\EvalBoards\Micrium\uC-Eval-STM32F107\uCOS-III\IAR\Flash\Obj\stm32f10x_rcc.o"
#        "F:\iar\Micrium_uC-Eval-STM32F107_uCOS-III -
#        副本\Micrium\Software\EvalBoards\Micrium\uC-Eval-STM32F107\uCOS-III\IAR\Flash\Obj\stm32f10x_rtc.o"
#        "F:\iar\Micrium_uC-Eval-STM32F107_uCOS-III -
#        副本\Micrium\Software\EvalBoards\Micrium\uC-Eval-STM32F107\uCOS-III\IAR\Flash\Obj\stm32f10x_sdio.o"
#        "F:\iar\Micrium_uC-Eval-STM32F107_uCOS-III -
#        副本\Micrium\Software\EvalBoards\Micrium\uC-Eval-STM32F107\uCOS-III\IAR\Flash\Obj\stm32f10x_spi.o"
#        "F:\iar\Micrium_uC-Eval-STM32F107_uCOS-III -
#        副本\Micrium\Software\EvalBoards\Micrium\uC-Eval-STM32F107\uCOS-III\IAR\Flash\Obj\stm32f10x_systick.o"
#        "F:\iar\Micrium_uC-Eval-STM32F107_uCOS-III -
#        副本\Micrium\Software\EvalBoards\Micrium\uC-Eval-STM32F107\uCOS-III\IAR\Flash\Obj\stm32f10x_tim.o"
#        "F:\iar\Micrium_uC-Eval-STM32F107_uCOS-III -
#        副本\Micrium\Software\EvalBoards\Micrium\uC-Eval-STM32F107\uCOS-III\IAR\Flash\Obj\stm32f10x_usart.o"
#        "F:\iar\Micrium_uC-Eval-STM32F107_uCOS-III -
#        副本\Micrium\Software\EvalBoards\Micrium\uC-Eval-STM32F107\uCOS-III\IAR\Flash\Obj\stm32f10x_wwdg.o"
#        "F:\iar\Micrium_uC-Eval-STM32F107_uCOS-III -
#        副本\Micrium\Software\EvalBoards\Micrium\uC-Eval-STM32F107\uCOS-III\IAR\Flash\Obj\usart.o"
#        --redirect _Printf=_PrintfFull --redirect _Scanf=_ScanfFull -o
#        "F:\iar\Micrium_uC-Eval-STM32F107_uCOS-III -
#        副本\Micrium\Software\EvalBoards\Micrium\uC-Eval-STM32F107\uCOS-III\IAR\Flash\Exe\OS.out"
#        --map "F:\iar\Micrium_uC-Eval-STM32F107_uCOS-III -
#        副本\Micrium\Software\EvalBoards\Micrium\uC-Eval-STM32F107\uCOS-III\IAR\Flash\List\OS.map"
#        --config "F:\iar\Micrium_uC-Eval-STM32F107_uCOS-III -
#        副本\Micrium\Software\EvalBoards\Micrium\uC-Eval-STM32F107\uCOS-III\IAR\..\..\BSP\IAR\STM32_Flash.icf"
#        --semihosting --entry __iar_program_start --vfe
#
###############################################################################

*******************************************************************************
*** RUNTIME MODEL ATTRIBUTES
***

CppFlavor                     = *
__Heap_Handler                = Basic
__SystemLibrary               = DLib
__dlib_dynamic_initialization = normal


*******************************************************************************
*** PLACEMENT SUMMARY
***

"A1":  place at 0x08000000 { ro section .intvec };
"P2":  place in [from 0x08000000 to 0x0803ffff] { ro };
"P3":  place in [from 0x20000000 to 0x2000ffff] { rw, block CSTACK, block HEAP };

  Section             Kind        Address    Size  Object
  -------             ----        -------    ----  ------
"A1":                                       0x150
  .intvec             const    0x08000000   0x150  cstartup.o [1]
                             - 0x08000150   0x150

"P2":                                      0x464e
  .text               ro code  0x08000150  0x1152  xprintffull.o [3]
  .text               ro code  0x080012a2    0x20  xmbtowc.o [3]
  .text               ro code  0x080012c2     0xe  cstartup.o [1]
  .text               ro code  0x080012d0    0x16  strchr.o [5]
  .text               ro code  0x080012e6     0xa  xsprout.o [3]
  .text               ro code  0x080012f0    0x36  strlen.o [5]
  .text               ro code  0x08001328    0x58  memchr.o [5]
  .text               ro code  0x08001380     0xa  xmbcurmax.o [3]
  .text               ro code  0x0800138c    0xb0  xxmemxmalloc.o [3]
  .text               ro code  0x0800143c    0x1a  xwctomb.o [3]
  .text               ro code  0x08001458    0x76  ABImemcpy_unaligned.o [5]
  .text               ro code  0x080014d0    0x80  xxmemxfree.o [3]
  .text               ro code  0x08001550    0xee  I64DivMod.o [5]
  .text               ro code  0x0800163e    0x42  xdnorm.o [4]
  .text               ro code  0x08001680    0x2e  DblCmpLe.o [4]
  .text               ro code  0x080016b0    0x2e  DblCmpGe.o [4]
  .text               ro code  0x080016e0   0x10c  xdscale.o [4]
  .text               ro code  0x080017ec    0x58  DblToI32.o [4]
  .text               ro code  0x08001844    0x30  I32ToDbl.o [4]
  .text               ro code  0x08001874   0x180  DblSub.o [4]
  .text               ro code  0x080019f4   0x1a2  DblMul.o [4]
  .text               ro code  0x08001b98   0x256  DblDiv.o [4]
  .text               ro code  0x08001df0    0x6c  localeconv.o [3]
  .text               ro code  0x08001e5c     0xe  div.o [3]
  .text               ro code  0x08001e6c    0x14  setlocale.o [3]
  .text               ro code  0x08001e80    0x60  xencoding_sb.o [3]
  .text               ro code  0x08001ee0    0x2c  xgetmemchunk.o [3]
  .text               ro code  0x08001f0c     0x2  I64DivZer.o [5]
  .text               ro code  0x08001f10    0xd4  DblAdd.o [4]
  .text               ro code  0x08001fe4     0x2  xtls.o [3]
  .text               ro code  0x08001fe8   0x4d8  stm32f10x_rcc.o [1]
  .text               ro code  0x080024c0   0x404  iap_program.o [1]
  .text               ro code  0x080028c4    0xf8  os_cpu_c.o [1]
  .text               ro code  0x080029bc    0x38  stm32f10x_iwdg.o [1]
  CODE                ro code  0x080029f4    0x34  cpu_a.o [1]
  .text               ro code  0x08002a28   0x120  iap_flash.o [1]
  .text               ro code  0x08002b48   0x310  usart.o [1]
  .text               ro code  0x08002e58   0x360  cnscpackdeal.o [1]
  .text               ro code  0x080031b8    0x42  strcmp_unaligned.o [5]
  .text               ro code  0x080031fc    0x40  boot.o [1]
  .text               ro code  0x0800323c    0x62  crccheck.o [1]
  .text               ro code  0x080032a0   0x1bc  bsp.o [1]
  .text               ro code  0x0800345c   0x1b4  cpu_core.o [1]
  .text               ro code  0x08003610   0x1e6  stm32f10x_flash.o [1]
  .text               ro code  0x080037f8   0x142  stm32f10x_gpio.o [1]
  .text               ro code  0x0800393c   0x26a  stm32f10x_usart.o [1]
  .text               ro code  0x08003ba8   0x2fa  bsp_int.o [1]
  .text               ro code  0x08003ea4    0x2c  vsprintf.o [3]
  .text               ro code  0x08003ed0     0x6  ABImemclr4.o [5]
  .text               ro code  0x08003ed6     0xc  memcpy.o [3]
  .text               ro code  0x08003ee4    0x70  stm32f10x_nvic.o [1]
  .text               ro code  0x08003f54    0x10  core_cm3.o [1]
  .text               ro code  0x08003f64    0x8e  lib_mem.o [1]
  .text               ro code  0x08003ff4   0x14c  cpu_c.o [1]
  .text               ro code  0x08004140   0x110  os_core.o [1]
  .text               ro code  0x08004250    0x32  ABImemset48.o [5]
  .text               ro code  0x08004284    0x2c  os_prio.o [1]
  .rodata             const    0x080042b0   0x200  crccheck.o [1]
  CODE                ro code  0x080044b0    0x84  os_cpu_a.o [1]
  .text               ro code  0x08004534    0x40  zero_init3.o [5]
  .text               ro code  0x08004574    0x3c  app.o [1]
  .text               ro code  0x080045b0    0x38  packbits_init_single.o [5]
  .text               ro code  0x080045e8    0x28  data_init.o [5]
  .rodata             const    0x08004610    0x24  cnscpackdeal.o [1]
  .iar.init_table     const    0x08004634    0x20  - Linker created -
  .rodata             const    0x08004654    0x20  iap_program.o [1]
  .rodata             const    0x08004674    0x20  iap_program.o [1]
  .rodata             const    0x08004694    0x1c  iap_program.o [1]
  .text               ro code  0x080046b0    0x1a  cmain.o [5]
  .text               ro code  0x080046ca     0x4  low_level_init.o [3]
  .text               ro code  0x080046ce     0x4  exit.o [3]
  .text               ro code  0x080046d4     0xa  cexit.o [5]
  .text               ro code  0x080046e0    0x14  exit.o [6]
  .rodata             const    0x080046f4    0x14  iap_program.o [1]
  .rodata             const    0x08004708    0x10  cnscpackdeal.o [1]
  .rodata             const    0x08004718    0x10  iap_program.o [1]
  .rodata             const    0x08004728    0x10  iap_program.o [1]
  .rodata             const    0x08004738    0x10  stm32f10x_rcc.o [1]
  .text               ro code  0x08004748     0xc  cstartup_M.o [5]
  .rodata             const    0x08004754     0x8  iap_program.o [1]
  .rodata             const    0x0800475c     0x4  os_cfg_app.o [1]
  .rodata             const    0x08004760     0x4  stm32f10x_rcc.o [1]
  .rodata             const    0x08004764     0x0  zero_init3.o [5]
  .rodata             const    0x08004764     0x0  packbits_init_single.o [5]
  Initializer bytes   const    0x08004764    0x3a  <for P3-1>
                             - 0x0800479e  0x464e

"P3", part 1 of 3:                          0x12c
  P3-1                         0x20000000   0x12c  <Init block>
    .data             inited   0x20000000     0x4  iap_program.o [1]
    .data             inited   0x20000004    0x14  iap_program.o [1]
    .data             inited   0x20000018    0x14  iap_program.o [1]
    __DLIB_PERTHREAD  inited   0x2000002c    0x88  localeconv.o [3]
    __DLIB_PERTHREAD  inited   0x200000b4    0x74  setlocale.o [3]
    .data             inited   0x20000128     0x2  iap_program.o [1]
    .data             inited   0x2000012a     0x2  iap_program.o [1]
                             - 0x2000012c   0x12c

"P3", part 2 of 3:                          0x800
  CSTACK                       0x20000130   0x400  <Block>
    CSTACK            uninit   0x20000130   0x400  <Block tail>
  HEAP                         0x20000530   0x400  <Block>
    HEAP              uninit   0x20000530   0x400  <Block tail>
                             - 0x20000930   0x800

"P3", part 3 of 3:                         0x1d20
  .bss                zero     0x20000930   0x800  iap_flash.o [1]
  .bss                zero     0x20001130   0x800  iap_program.o [1]
  .bss                zero     0x20001930   0x400  iap_program.o [1]
  .bss                zero     0x20001d30   0x400  usart.o [1]
  .bss                zero     0x20002130   0x180  os_var.o [1]
  .bss                zero     0x200022b0   0x110  bsp_int.o [1]
  .bss                zero     0x200023c0   0x100  iap_program.o [1]
  .bss                zero     0x200024c0   0x100  iap_program.o [1]
  .bss                zero     0x200025c0    0x10  cpu_core.o [1]
  .bss                zero     0x200025d0    0x10  usart.o [1]
  .bss                zero     0x200025e0     0x8  usart.o [1]
  .bss                zero     0x200025e8     0x8  usart.o [1]
  .bss                zero     0x200025f0     0x8  xxmemxmalloc.o [3]
  .bss                zero     0x200025f8     0x4  bsp.o [1]
  .bss                zero     0x200025fc     0x4  cpu_core.o [1]
  .bss                zero     0x20002600     0x4  cpu_core.o [1]
  .bss                zero     0x20002604     0x4  cpu_core.o [1]
  .bss                zero     0x20002608     0x4  cpu_core.o [1]
  .bss                zero     0x2000260c     0x4  cpu_core.o [1]
  .bss                zero     0x20002610     0x4  cpu_core.o [1]
  .bss                zero     0x20002614     0x4  iap_program.o [1]
  .bss                zero     0x20002618     0x4  iap_program.o [1]
  .bss                zero     0x2000261c     0x4  os_cpu_c.o [1]
  .bss                zero     0x20002620     0x4  os_cpu_c.o [1]
  .bss                zero     0x20002624     0x4  os_prio.o [1]
  .bss                zero     0x20002628     0x4  os_var.o [1]
  .bss                zero     0x2000262c     0x4  os_var.o [1]
  .bss                zero     0x20002630     0x4  os_var.o [1]
  .bss                zero     0x20002634     0x4  os_var.o [1]
  .bss                zero     0x20002638     0x4  os_var.o [1]
  .bss                zero     0x2000263c     0x4  xgetmemchunk.o [3]
  .bss                zero     0x20002640     0x2  cpu_core.o [1]
  .bss                zero     0x20002642     0x2  cpu_core.o [1]
  .bss                zero     0x20002644     0x1  cnscpackdeal.o [1]
  .bss                zero     0x20002645     0x1  cnscpackdeal.o [1]
  .bss                zero     0x20002646     0x1  cnscpackdeal.o [1]
  .bss                zero     0x20002647     0x1  iap_program.o [1]
  .bss                zero     0x20002648     0x1  iap_program.o [1]
  .bss                zero     0x20002649     0x1  iap_program.o [1]
  .bss                zero     0x2000264a     0x1  iap_program.o [1]
  .bss                zero     0x2000264b     0x1  os_var.o [1]
  .bss                zero     0x2000264c     0x1  os_var.o [1]
  .bss                zero     0x2000264d     0x1  os_var.o [1]
  .bss                zero     0x2000264e     0x1  os_var.o [1]
  .bss                zero     0x2000264f     0x1  os_var.o [1]
                             - 0x20002650  0x1d20


*******************************************************************************
*** INIT TABLE
***

          Address     Size
          -------     ----
Zero (__iar_zero_init3)
    1 destination range, total size 0x1d20:
          0x20000930  0x1d20

Copy/packbits (__iar_packbits_init_single3)
    1 source range, total size 0x3a (19% of destination):
          0x08004764    0x3a
    1 destination range, total size 0x12c:
          0x20000000   0x12c



*******************************************************************************
*** MODULE SUMMARY
***

    Module                  ro code  ro data  rw data
    ------                  -------  -------  -------
F:\iar\Micrium_uC-Eval-STM32F107_uCOS-III - 副本\Micrium\Software\EvalBoards\Micrium\uC-Eval-STM32F107\uCOS-III\IAR\Flash\Obj: [1]
    app.o                        60
    boot.o                       64
    bsp.o                       444                 4
    bsp_int.o                   762               272
    cnscpackdeal.o              864       52        3
    core_cm3.o                   16
    cpu_a.o                      52
    cpu_c.o                     332
    cpu_core.o                  436                44
    crccheck.o                   98      512
    cstartup.o                   14      336
    iap_flash.o                 288             2 048
    iap_program.o             1 028      161    3 644
    lib_mem.o                   142
    os_cfg_app.o                           4
    os_core.o                   272
    os_cpu_a.o                  132
    os_cpu_c.o                  248                 8
    os_prio.o                    44                 4
    os_var.o                                      409
    stm32f10x_flash.o           486
    stm32f10x_gpio.o            322
    stm32f10x_iwdg.o             56
    stm32f10x_nvic.o            112
    stm32f10x_rcc.o           1 240       20
    stm32f10x_usart.o           618
    usart.o                     784             1 056
    -------------------------------------------------
    Total:                    8 914    1 085    7 492

command line: [2]
    -------------------------------------------------
    Total:

dl7M_tlf.a: [3]
    div.o                        14
    exit.o                        4
    localeconv.o                108       26      136
    low_level_init.o              4
    memcpy.o                     12
    setlocale.o                  20       23      116
    vsprintf.o                   44
    xencoding_sb.o               96
    xgetmemchunk.o               44                 4
    xmbcurmax.o                  10
    xmbtowc.o                    32
    xprintffull.o             4 434
    xsprout.o                    10
    xtls.o                        2
    xwctomb.o                    26
    xxmemxfree.o                128
    xxmemxmalloc.o              176                 8
    -------------------------------------------------
    Total:                    5 164       49      264

m7M_tl.a: [4]
    DblAdd.o                    212
    DblCmpGe.o                   46
    DblCmpLe.o                   46
    DblDiv.o                    598
    DblMul.o                    418
    DblSub.o                    384
    DblToI32.o                   88
    I32ToDbl.o                   48
    xdnorm.o                     66
    xdscale.o                   268
    -------------------------------------------------
    Total:                    2 174

rt7M_tl.a: [5]
    ABImemclr4.o                  6
    ABImemcpy_unaligned.o       118
    ABImemset48.o                50
    I64DivMod.o                 238
    I64DivZer.o                   2
    cexit.o                      10
    cmain.o                      26
    cstartup_M.o                 12
    data_init.o                  40
    memchr.o                     88
    packbits_init_single.o       56
    strchr.o                     22
    strcmp_unaligned.o           66
    strlen.o                     54
    zero_init3.o                 64
    -------------------------------------------------
    Total:                      852

shb_l.a: [6]
    exit.o                       20
    -------------------------------------------------
    Total:                       20

    Gaps                         44
    Linker created                        32    2 048
-----------------------------------------------------
    Grand Total:             17 168    1 166    9 804


*******************************************************************************
*** ENTRY LIST
***

Entry                      Address   Size  Type      Object
-----                      -------   ----  ----      ------
.iar.init_table$$Base   0x08004634          --   Gb  - Linker created -
.iar.init_table$$Limit  0x08004654          --   Gb  - Linker created -
?main                   0x080046b1         Code  Gb  cmain.o [5]
ADCPrescTable           0x08004760    0x4  Data  Lc  stm32f10x_rcc.o [1]
APBAHBPrescTable        0x08004738   0x10  Data  Lc  stm32f10x_rcc.o [1]
App_BusFault_ISR        0x080012c7    0x2  Code  Lc  cstartup.o [1]
App_Fault_ISR           0x080012c5    0x2  Code  Lc  cstartup.o [1]
App_MemFault_ISR        0x080012cb    0x2  Code  Lc  cstartup.o [1]
App_NMI_ISR             0x080012c3    0x2  Code  Lc  cstartup.o [1]
App_Reserved_ISR        0x080012cf    0x2  Code  Lc  cstartup.o [1]
App_Spurious_ISR        0x080012cd    0x2  Code  Lc  cstartup.o [1]
App_UsageFault_ISR      0x080012c9    0x2  Code  Lc  cstartup.o [1]
BSP_CPU_ClkFreq         0x0800336f   0x10  Code  Gb  bsp.o [1]
BSP_CPU_ClkFreq_MHz     0x200025f8    0x4  Data  Gb  bsp.o [1]
BSP_Init                0x080032a1   0xce  Code  Gb  bsp.o [1]
BSP_IntEn               0x08003ba9   0x14  Code  Gb  bsp_int.o [1]
BSP_IntHandler          0x08003e61   0x38  Code  Lc  bsp_int.o [1]
BSP_IntHandlerADC1_2    0x08003cb3    0xa  Code  Gb  bsp_int.o [1]
BSP_IntHandlerCAN1_RX0  0x08003cc7    0xa  Code  Gb  bsp_int.o [1]
BSP_IntHandlerCAN1_RX1  0x08003cd1    0xa  Code  Gb  bsp_int.o [1]
BSP_IntHandlerCAN1_SCE  0x08003cdb    0xa  Code  Gb  bsp_int.o [1]
BSP_IntHandlerCAN1_TX   0x08003cbd    0xa  Code  Gb  bsp_int.o [1]
BSP_IntHandlerCAN2_RX0  0x08003e39    0xa  Code  Gb  bsp_int.o [1]
BSP_IntHandlerCAN2_RX1  0x08003e43    0xa  Code  Gb  bsp_int.o [1]
BSP_IntHandlerCAN2_SCE  0x08003e4d    0xa  Code  Gb  bsp_int.o [1]
BSP_IntHandlerCAN2_TX   0x08003e2f    0xa  Code  Gb  bsp_int.o [1]
BSP_IntHandlerDMA1_CH1  0x08003c6d    0xa  Code  Gb  bsp_int.o [1]
BSP_IntHandlerDMA1_CH2  0x08003c77    0xa  Code  Gb  bsp_int.o [1]
BSP_IntHandlerDMA1_CH3  0x08003c81    0xa  Code  Gb  bsp_int.o [1]
BSP_IntHandlerDMA1_CH4  0x08003c8b    0xa  Code  Gb  bsp_int.o [1]
BSP_IntHandlerDMA1_CH5  0x08003c95    0xa  Code  Gb  bsp_int.o [1]
BSP_IntHandlerDMA1_CH6  0x08003c9f    0xa  Code  Gb  bsp_int.o [1]
BSP_IntHandlerDMA1_CH7  0x08003ca9    0xa  Code  Gb  bsp_int.o [1]
BSP_IntHandlerDMA2_CH1  0x08003de9    0xa  Code  Gb  bsp_int.o [1]
BSP_IntHandlerDMA2_CH2  0x08003df3    0xa  Code  Gb  bsp_int.o [1]
BSP_IntHandlerDMA2_CH3  0x08003dfd    0xa  Code  Gb  bsp_int.o [1]
BSP_IntHandlerDMA2_CH4  0x08003e07    0xa  Code  Gb  bsp_int.o [1]
BSP_IntHandlerDMA2_CH5  0x08003e11    0xa  Code  Gb  bsp_int.o [1]
BSP_IntHandlerDummy     0x08003ea1    0x2  Code  Lc  bsp_int.o [1]
BSP_IntHandlerETH       0x08003e1b    0xa  Code  Gb  bsp_int.o [1]
BSP_IntHandlerETHWakeup
                        0x08003e25    0xa  Code  Gb  bsp_int.o [1]
BSP_IntHandlerEXTI0     0x08003c3b    0xa  Code  Gb  bsp_int.o [1]
BSP_IntHandlerEXTI1     0x08003c45    0xa  Code  Gb  bsp_int.o [1]
BSP_IntHandlerEXTI15_10
                        0x08003d8f    0xa  Code  Gb  bsp_int.o [1]
BSP_IntHandlerEXTI2     0x08003c4f    0xa  Code  Gb  bsp_int.o [1]
BSP_IntHandlerEXTI3     0x08003c59    0xa  Code  Gb  bsp_int.o [1]
BSP_IntHandlerEXTI4     0x08003c63    0xa  Code  Gb  bsp_int.o [1]
BSP_IntHandlerEXTI9_5   0x08003ce5    0xa  Code  Gb  bsp_int.o [1]
BSP_IntHandlerFLASH     0x08003c27    0xa  Code  Gb  bsp_int.o [1]
BSP_IntHandlerI2C1_ER   0x08003d3f    0xa  Code  Gb  bsp_int.o [1]
BSP_IntHandlerI2C1_EV   0x08003d35    0xa  Code  Gb  bsp_int.o [1]
BSP_IntHandlerI2C2_ER   0x08003d53    0xa  Code  Gb  bsp_int.o [1]
BSP_IntHandlerI2C2_EV   0x08003d49    0xa  Code  Gb  bsp_int.o [1]
BSP_IntHandlerOTG       0x08003e57    0xa  Code  Gb  bsp_int.o [1]
BSP_IntHandlerPVD       0x08003c09    0xa  Code  Gb  bsp_int.o [1]
BSP_IntHandlerRCC       0x08003c31    0xa  Code  Gb  bsp_int.o [1]
BSP_IntHandlerRTC       0x08003c1d    0xa  Code  Gb  bsp_int.o [1]
BSP_IntHandlerRTCAlarm  0x08003d99    0xa  Code  Gb  bsp_int.o [1]
BSP_IntHandlerSPI1      0x08003d5d    0xa  Code  Gb  bsp_int.o [1]
BSP_IntHandlerSPI2      0x08003d67    0xa  Code  Gb  bsp_int.o [1]
BSP_IntHandlerSPI3      0x08003db7    0xa  Code  Gb  bsp_int.o [1]
BSP_IntHandlerTAMPER    0x08003c13    0xa  Code  Gb  bsp_int.o [1]
BSP_IntHandlerTIM1_BRK  0x08003cef    0xa  Code  Gb  bsp_int.o [1]
BSP_IntHandlerTIM1_CC   0x08003d0d    0xa  Code  Gb  bsp_int.o [1]
BSP_IntHandlerTIM1_TRG_COM
                        0x08003d03    0xa  Code  Gb  bsp_int.o [1]
BSP_IntHandlerTIM1_UP   0x08003cf9    0xa  Code  Gb  bsp_int.o [1]
BSP_IntHandlerTIM2      0x08003d17    0xa  Code  Gb  bsp_int.o [1]
BSP_IntHandlerTIM3      0x08003d21    0xa  Code  Gb  bsp_int.o [1]
BSP_IntHandlerTIM4      0x08003d2b    0xa  Code  Gb  bsp_int.o [1]
BSP_IntHandlerTIM5      0x08003dad    0xa  Code  Gb  bsp_int.o [1]
BSP_IntHandlerTIM6      0x08003dd5    0xa  Code  Gb  bsp_int.o [1]
BSP_IntHandlerTIM7      0x08003ddf    0xa  Code  Gb  bsp_int.o [1]
BSP_IntHandlerUSART1    0x08003d71    0xa  Code  Gb  bsp_int.o [1]
BSP_IntHandlerUSART2    0x08003d7b    0xa  Code  Gb  bsp_int.o [1]
BSP_IntHandlerUSART3    0x08003d85    0xa  Code  Gb  bsp_int.o [1]
BSP_IntHandlerUSART4    0x08003dc1    0xa  Code  Gb  bsp_int.o [1]
BSP_IntHandlerUSART5    0x08003dcb    0xa  Code  Gb  bsp_int.o [1]
BSP_IntHandlerUSBWakeUp
                        0x08003da3    0xa  Code  Gb  bsp_int.o [1]
BSP_IntHandlerWWDG      0x08003bff    0xa  Code  Gb  bsp_int.o [1]
BSP_IntInit             0x08003be5   0x1a  Code  Gb  bsp_int.o [1]
BSP_IntVectSet          0x08003bbd   0x28  Code  Gb  bsp_int.o [1]
BSP_IntVectTbl          0x200022b0  0x110  Data  Lc  bsp_int.o [1]
BSP_LED_Init            0x0800337f   0x28  Code  Lc  bsp.o [1]
BSP_LED_Off             0x080033a7   0x48  Code  Gb  bsp.o [1]
BSP_StatusInit          0x080033ef   0x1e  Code  Lc  bsp.o [1]
CPU_CntLeadZeros        0x08002a13         Code  Gb  cpu_a.o [1]
CPU_CntTrailZeros       0x08002a19         Code  Gb  cpu_a.o [1]
CPU_Init                0x0800345d   0x10  Code  Gb  cpu_core.o [1]
CPU_IntDis              0x080029f5         Code  Gb  cpu_a.o [1]
CPU_IntDisMeasCtr       0x20002640    0x2  Data  Gb  cpu_core.o [1]
CPU_IntDisMeasInit      0x0800355b   0x78  Code  Lc  cpu_core.o [1]
CPU_IntDisMeasMaxCalc   0x080035d3   0x1a  Code  Lc  cpu_core.o [1]
CPU_IntDisMeasMaxCurGet
                        0x080034b9   0x22  Code  Gb  cpu_core.o [1]
CPU_IntDisMeasMaxCurReset
                        0x08003499   0x20  Code  Gb  cpu_core.o [1]
CPU_IntDisMeasMaxCur_cnts
                        0x2000260c    0x4  Data  Gb  cpu_core.o [1]
CPU_IntDisMeasMax_cnts  0x20002610    0x4  Data  Gb  cpu_core.o [1]
CPU_IntDisMeasOvrhd_cnts
                        0x20002608    0x4  Data  Gb  cpu_core.o [1]
CPU_IntDisMeasStart     0x080034db   0x28  Code  Gb  cpu_core.o [1]
CPU_IntDisMeasStart_cnts
                        0x20002600    0x4  Data  Gb  cpu_core.o [1]
CPU_IntDisMeasStop      0x08003503   0x42  Code  Gb  cpu_core.o [1]
CPU_IntDisMeasStop_cnts
                        0x20002604    0x4  Data  Gb  cpu_core.o [1]
CPU_IntDisNestCtr       0x20002642    0x2  Data  Gb  cpu_core.o [1]
CPU_IntEn               0x080029f9         Code  Gb  cpu_a.o [1]
CPU_IntSrcEn            0x08003ff5  0x13c  Code  Gb  cpu_c.o [1]
CPU_Name                0x200025c0   0x10  Data  Gb  cpu_core.o [1]
CPU_NameClr             0x0800346d   0x24  Code  Gb  cpu_core.o [1]
CPU_NameInit            0x08003545    0x8  Code  Lc  cpu_core.o [1]
CPU_RevBits             0x08002a23         Code  Gb  cpu_a.o [1]
CPU_SR_Restore          0x08002a05         Code  Gb  cpu_a.o [1]
CPU_SR_Save             0x080029fd         Code  Gb  cpu_a.o [1]
CPU_TS_Init             0x0800354d    0xe  Code  Lc  cpu_core.o [1]
CPU_TS_TmrFreqSet       0x08003491    0x8  Code  Gb  cpu_core.o [1]
CPU_TS_TmrFreq_Hz       0x200025fc    0x4  Data  Gb  cpu_core.o [1]
CPU_TS_TmrInit          0x0800340d   0x2e  Code  Gb  bsp.o [1]
CPU_TS_TmrRd            0x0800343b    0x6  Code  Gb  bsp.o [1]
CPU_WaitForExcept       0x08002a0f         Code  Gb  cpu_a.o [1]
CPU_WaitForInt          0x08002a0b         Code  Gb  cpu_a.o [1]
CSNR_GetData            0x08002fe5  0x1be  Code  Gb  cnscpackdeal.o [1]
CSTACK$$Base            0x20000130          --   Gb  - Linker created -
CSTACK$$Limit           0x20000530          --   Gb  - Linker created -
DataSend_CSNR           0x08002e6b  0x17a  Code  Gb  cnscpackdeal.o [1]
DelayX10ms              0x080024d5   0x28  Code  Gb  iap_program.o [1]
EnUartContrlIO_Init     0x08002b49   0x32  Code  Gb  usart.o [1]
FLASH_ErasePage         0x08003679   0x64  Code  Gb  stm32f10x_flash.o [1]
FLASH_GetStatus         0x08003757   0x34  Code  Gb  stm32f10x_flash.o [1]
FLASH_Lock              0x08003667   0x12  Code  Gb  stm32f10x_flash.o [1]
FLASH_PrefetchBufferCmd
                        0x08003631   0x20  Code  Gb  stm32f10x_flash.o [1]
FLASH_ProgramWord       0x080036dd   0x7a  Code  Gb  stm32f10x_flash.o [1]
FLASH_SetLatency        0x08003611   0x20  Code  Gb  stm32f10x_flash.o [1]
FLASH_Unlock            0x08003651   0x16  Code  Gb  stm32f10x_flash.o [1]
FLASH_WaitForLastOperation
                        0x080037a9   0x32  Code  Gb  stm32f10x_flash.o [1]
FeedDog                 0x080024cd    0x8  Code  Gb  iap_program.o [1]
GPIO_Init               0x080037f9  0x136  Code  Gb  stm32f10x_gpio.o [1]
GPIO_ResetBits          0x08003935    0x6  Code  Gb  stm32f10x_gpio.o [1]
GPIO_SetBits            0x0800392f    0x6  Code  Gb  stm32f10x_gpio.o [1]
GetCheckSumNR           0x08003275   0x2a  Code  Gb  crccheck.o [1]
GetCrc16Check           0x0800323d   0x34  Code  Gb  crccheck.o [1]
GetFramNum              0x08002e5f    0x6  Code  Gb  cnscpackdeal.o [1]
GetRecFramNum           0x08002e59    0x6  Code  Gb  cnscpackdeal.o [1]
GetSysBaseTick          0x08002965    0x6  Code  Gb  os_cpu_c.o [1]
GetSysTime              0x080024c1    0xc  Code  Gb  iap_program.o [1]
HEAP$$Base              0x20000530          --   Gb  - Linker created -
HEAP$$Limit             0x20000930          --   Gb  - Linker created -
HoldUartRecSta          0x08002cbd   0x76  Code  Gb  usart.o [1]
IAP_CopyAppToFlash      0x0800279b   0x5c  Code  Gb  iap_program.o [1]
IAP_PragramTask         0x080025a1  0x1b8  Code  Gb  iap_program.o [1]
IAP_ProgramCopy         0x08002865   0x60  Code  Gb  iap_program.o [1]
IAP_ReadParaFlash       0x08002759   0x22  Code  Gb  iap_program.o [1]
IAP_WriteParaFlash      0x0800277b   0x20  Code  Gb  iap_program.o [1]
IAP_pragramDeal         0x080024fd   0x86  Code  Gb  iap_program.o [1]
IWDG_Enable             0x080029df    0xa  Code  Gb  stm32f10x_iwdg.o [1]
IWDG_ReloadCounter      0x080029d5    0xa  Code  Gb  stm32f10x_iwdg.o [1]
IWDG_SetPrescaler       0x080029c5    0x8  Code  Gb  stm32f10x_iwdg.o [1]
IWDG_SetReload          0x080029cd    0x8  Code  Gb  stm32f10x_iwdg.o [1]
IWDG_WriteAccessCmd     0x080029bd    0x8  Code  Gb  stm32f10x_iwdg.o [1]
Jumpto_APP              0x080031fd   0x32  Code  Gb  boot.o [1]
LoadInt                 0x08000785   0x6e  Code  Lc  xprintffull.o [3]
Mem_Clr                 0x08003f65   0x12  Code  Gb  lib_mem.o [1]
Mem_Set                 0x08003f77   0x7c  Code  Gb  lib_mem.o [1]
NVIC_DeInit             0x08003ee5   0x52  Code  Gb  stm32f10x_nvic.o [1]
OSCfg_TickRate_Hz       0x0800475c    0x4  Data  Gb  os_cfg_app.o [1]
OSIntEnter              0x08004141   0x24  Code  Gb  os_core.o [1]
OSIntExit               0x08004165   0xc8  Code  Gb  os_core.o [1]
OSIntNestingCtr         0x2000264b    0x1  Data  Gb  os_var.o [1]
OSPrioCur               0x2000264d    0x1  Data  Gb  os_var.o [1]
OSPrioHighRdy           0x2000264e    0x1  Data  Gb  os_var.o [1]
OSPrioTbl               0x20002624    0x4  Data  Gb  os_prio.o [1]
OSRdyList               0x20002130  0x180  Data  Gb  os_var.o [1]
OSRunning               0x2000264c    0x1  Data  Gb  os_var.o [1]
OSSchedLockNestingCtr   0x2000264f    0x1  Data  Gb  os_var.o [1]
OSSchedLockTimeMaxCur   0x2000262c    0x4  Data  Gb  os_var.o [1]
OSStartHighRdy          0x080044b1         Code  Gb  os_cpu_a.o [1]
OSTCBCurPtr             0x20002634    0x4  Data  Gb  os_var.o [1]
OSTCBHighRdyPtr         0x20002638    0x4  Data  Gb  os_var.o [1]
OSTaskCtxSwCtr          0x20002630    0x4  Data  Gb  os_var.o [1]
OSTaskSwHook            0x080028c5   0x94  Code  Gb  os_cpu_c.o [1]
OS_AppTaskSwHookPtr     0x20002628    0x4  Data  Gb  os_var.o [1]
OS_CPU_ExceptStkBase    0x2000261c    0x4  Data  Gb  os_cpu_c.o [1]
OS_CPU_PendSVHandler    0x080044cf         Code  Gb  os_cpu_a.o [1]
OS_CPU_SysTickHandler   0x08002959    0xc  Code  Gb  os_cpu_c.o [1]
OS_CPU_SysTickInit      0x0800296b   0x2e  Code  Gb  os_cpu_c.o [1]
OS_PrioGetHighest       0x08004285   0x26  Code  Gb  os_prio.o [1]
RCC_ADCCLKConfig        0x080021eb   0x18  Code  Gb  stm32f10x_rcc.o [1]
RCC_APB1PeriphClockCmd  0x080023bd   0x1e  Code  Gb  stm32f10x_rcc.o [1]
RCC_APB1PeriphResetCmd  0x080023f9   0x1e  Code  Gb  stm32f10x_rcc.o [1]
RCC_APB2PeriphClockCmd  0x0800239f   0x1e  Code  Gb  stm32f10x_rcc.o [1]
RCC_APB2PeriphResetCmd  0x080023db   0x1e  Code  Gb  stm32f10x_rcc.o [1]
RCC_DeInit              0x08001fe9   0x5e  Code  Gb  stm32f10x_rcc.o [1]
RCC_GetClocksFreq       0x0800220b  0x194  Code  Gb  stm32f10x_rcc.o [1]
RCC_GetFlagStatus       0x08002417   0x52  Code  Gb  stm32f10x_rcc.o [1]
RCC_GetSYSCLKSource     0x08002195    0xc  Code  Gb  stm32f10x_rcc.o [1]
RCC_HCLKConfig          0x080021a1   0x18  Code  Gb  stm32f10x_rcc.o [1]
RCC_HSEConfig           0x08002047   0x56  Code  Gb  stm32f10x_rcc.o [1]
RCC_OTGFSCLKConfig      0x08002203    0x8  Code  Gb  stm32f10x_rcc.o [1]
RCC_PCLK1Config         0x080021b9   0x18  Code  Gb  stm32f10x_rcc.o [1]
RCC_PCLK2Config         0x080021d1   0x1a  Code  Gb  stm32f10x_rcc.o [1]
RCC_PLL1Cmd             0x0800212f    0xa  Code  Gb  stm32f10x_rcc.o [1]
RCC_PLL1Config          0x08002113   0x1c  Code  Gb  stm32f10x_rcc.o [1]
RCC_PLL2Cmd             0x08002151    0xa  Code  Gb  stm32f10x_rcc.o [1]
RCC_PLL2Config          0x08002139   0x18  Code  Gb  stm32f10x_rcc.o [1]
RCC_PLL3Cmd             0x08002173    0xa  Code  Gb  stm32f10x_rcc.o [1]
RCC_PLL3Config          0x0800215b   0x18  Code  Gb  stm32f10x_rcc.o [1]
RCC_PREDIV1Config       0x080020dd   0x1e  Code  Gb  stm32f10x_rcc.o [1]
RCC_PREDIV2Config       0x080020fb   0x18  Code  Gb  stm32f10x_rcc.o [1]
RCC_SYSCLKConfig        0x0800217d   0x18  Code  Gb  stm32f10x_rcc.o [1]
RCC_WaitForHSEStartUp   0x0800209d   0x40  Code  Gb  stm32f10x_rcc.o [1]
ReadUartBuf             0x08002d33   0x82  Code  Gb  usart.o [1]
Region$$Table$$Base     0x08004634          --   Gb  - Linker created -
Region$$Table$$Limit    0x08004654          --   Gb  - Linker created -
STMFLASH_ReadWord       0x08002a29    0x4  Code  Gb  iap_flash.o [1]
STMFLASH_Write          0x08002a2d   0x86  Code  Gb  iap_flash.o [1]
SendDataCom1            0x08002db5   0x4a  Code  Gb  usart.o [1]
SetFramNum              0x08002e65    0x6  Code  Gb  cnscpackdeal.o [1]
USART3_IRQHandler       0x08002c6d   0x50  Code  Gb  usart.o [1]
USART_ClearFlag         0x08003b37    0x8  Code  Gb  stm32f10x_usart.o [1]
USART_Cmd               0x08003aa5   0x1c  Code  Gb  stm32f10x_usart.o [1]
USART_DeInit            0x0800393d   0x94  Code  Gb  stm32f10x_usart.o [1]
USART_GetFlagStatus     0x08003b1f   0x18  Code  Gb  stm32f10x_usart.o [1]
USART_GetITStatus       0x08003b3f   0x68  Code  Gb  stm32f10x_usart.o [1]
USART_ITConfig          0x08003ac1   0x4e  Code  Gb  stm32f10x_usart.o [1]
USART_Init              0x080039d1   0xc0  Code  Gb  stm32f10x_usart.o [1]
USART_ReceiveData       0x08003b17    0x8  Code  Gb  stm32f10x_usart.o [1]
USART_SendData          0x08003b0f    0x8  Code  Gb  stm32f10x_usart.o [1]
_EncodingSb_Mbtowc      0x08001e9b   0x30  Code  Gb  xencoding_sb.o [3]
_EncodingSb_Wctomb      0x08001e81   0x1a  Code  Gb  xencoding_sb.o [3]
_GenldFull              0x0800100f  0x24c  Code  Lc  xprintffull.o [3]
_IsdstStr               0x200000b8    0x4  Data  Gb  setlocale.o [3]
_LdtobFull              0x08000c0d  0x3fc  Code  Lc  xprintffull.o [3]
_LitobFull              0x08000b05  0x106  Code  Lc  xprintffull.o [3]
_LocaleEncoding         0x08001e6d    0xe  Code  Gb  setlocale.o [3]
_LocaleReturnString     0x200000d8   0x50  Data  Lc  setlocale.o [3]
_Locale_Profile         0x200000bc   0x1c  Data  Gb  setlocale.o [3]
_Locale_aeabi_lconv     0x2000007c   0x38  Data  Gb  localeconv.o [3]
_Locale_lconv           0x2000002c   0x50  Data  Gb  localeconv.o [3]
_Mbtowc                 0x080012a3   0x20  Code  Gb  xmbtowc.o [3]
_PrintfFull             0x08000151  0x61e  Code  Gb  xprintffull.o [3]
_PutcharsFull           0x0800125b   0x2e  Code  Lc  xprintffull.o [3]
_PutstrFull             0x080007f3  0x30c  Code  Lc  xprintffull.o [3]
_SProut                 0x080012e7    0xa  Code  Gb  xsprout.o [3]
_TzoneStr               0x200000b4    0x4  Data  Gb  setlocale.o [3]
_Wctomb                 0x0800143d   0x1a  Code  Gb  xwctomb.o [3]
__aeabi_cdcmple         0x08001681         Code  Gb  DblCmpLe.o [4]
__aeabi_cdrcmple        0x080016b1         Code  Gb  DblCmpGe.o [4]
__aeabi_d2iz            0x080017ed         Code  Gb  DblToI32.o [4]
__aeabi_d2uiz           0x08001819         Code  Gb  DblToI32.o [4]
__aeabi_ddiv            0x08001b99         Code  Gb  DblDiv.o [4]
__aeabi_dmul            0x080019f5         Code  Gb  DblMul.o [4]
__aeabi_dsub            0x08001875         Code  Gb  DblSub.o [4]
__aeabi_i2d             0x08001845         Code  Gb  I32ToDbl.o [4]
__aeabi_ldiv0           0x08001f0d         Code  Gb  I64DivZer.o [5]
__aeabi_memclr4         0x08003ed1         Code  Gb  ABImemclr4.o [5]
__aeabi_ui2d            0x08001859         Code  Gb  I32ToDbl.o [4]
__aeabi_uldivmod        0x08001551         Code  Gb  I64DivMod.o [5]
__cmain                 0x080046b1         Code  Gb  cmain.o [5]
__data_Aldata           0x200025f0    0x8  Data  Gb  xxmemxmalloc.o [3]
__data_GetMemChunk      0x08001ee1   0x2c  Code  Gb  xgetmemchunk.o [3]
__exit                  0x080046e1   0x14  Code  Gb  exit.o [6]
__iar_Dnorm             0x0800163f   0x42  Code  Gb  xdnorm.o [4]
__iar_Dscale            0x080016e1  0x10c  Code  Gb  xdscale.o [4]
__iar_Locale_lconv_init
                        0x08001df1   0x3a  Code  Gb  localeconv.o [3]
__iar_Mbcurmax          0x08001381    0xa  Code  Gb  xmbcurmax.o [3]
__iar_Memchr            0x08001329         Code  Gb  memchr.o [5]
__iar_Memset4_word      0x08004251         Code  Gb  ABImemset48.o [5]
__iar_Memset8_word      0x08004251         Code  Gb  ABImemset48.o [5]
__iar_Strchr            0x080012d1         Code  Gb  strchr.o [5]
__iar_d2uiz             0x08001825         Code  Gb  DblToI32.o [4]
__iar_dadd              0x08001f11         Code  Gb  DblAdd.o [4]
__iar_data_init3        0x080045e9   0x28  Code  Gb  data_init.o [5]
__iar_dlib_perthread_access
                        0x08001fe5    0x2  Code  Gb  xtls.o [3]
__iar_dsub              0x08001889         Code  Gb  DblSub.o [4]
__iar_dsubStart         0x0800189b         Code  Gb  DblSub.o [4]
__iar_packbits_init_single3
                        0x080045b1   0x38  Code  Gb  packbits_init_single.o [5]
__iar_program_start     0x08004749         Code  Gb  cstartup_M.o [5]
__iar_ui2d              0x0800185d         Code  Gb  I32ToDbl.o [4]
__iar_unaligned___aeabi_memcpy
                        0x08001459         Code  Gb  ABImemcpy_unaligned.o [5]
__iar_unaligned___aeabi_memcpy4
                        0x08001479         Code  Gb  ABImemcpy_unaligned.o [5]
__iar_unaligned___aeabi_memcpy8
                        0x08001479         Code  Gb  ABImemcpy_unaligned.o [5]
__iar_unaligned_strcmp  0x080031b9         Code  Gb  strcmp_unaligned.o [5]
__iar_zero_init3        0x08004535   0x40  Code  Gb  zero_init3.o [5]
__low_level_init        0x080046cb    0x4  Code  Gb  low_level_init.o [3]
__set_MSP               0x08003f5d    0x8  Code  Gb  core_cm3.o [1]
__set_PSP               0x08003f55    0x8  Code  Gb  core_cm3.o [1]
__vector_table          0x08000000  0x150  Data  Gb  cstartup.o [1]
_call_main              0x080046bd         Code  Gb  cmain.o [5]
_exit                   0x080046d5         Code  Gb  cexit.o [5]
_main                   0x080046c7         Code  Gb  cmain.o [5]
buf                     0x20001930  0x400  Data  Gb  iap_program.o [1]
databuf                 0x200024c0  0x100  Data  Gb  iap_program.o [1]
delay                   0x080037db   0x1c  Code  Lc  stm32f10x_flash.o [1]
div                     0x08001e5d    0xe  Code  Gb  div.o [3]
endstring               0x20000018   0x14  Data  Gb  iap_program.o [1]
exit                    0x080046cf    0x4  Code  Gb  exit.o [3]
free                    0x080014d1   0x7a  Code  Gb  xxmemxfree.o [3]
g_systictimes           0x20002620    0x4  Data  Gb  os_cpu_c.o [1]
g_uart                  0x200025d0   0x10  Data  Gb  usart.o [1]
holdstring              0x2000012a    0x2  Data  Gb  iap_program.o [1]
iap_write_appbin        0x08002ab3   0x8a  Code  Gb  iap_flash.o [1]
iapbuf                  0x20000930  0x800  Data  Gb  iap_flash.o [1]
initmemcontrol          0x08002b7b   0x16  Code  Gb  usart.o [1]
iwdg_init               0x08002583   0x1e  Code  Gb  iap_program.o [1]
l_FramNum               0x20002646    0x1  Data  Gb  cnscpackdeal.o [1]
l_recframnum            0x20002645    0x1  Data  Gb  cnscpackdeal.o [1]
l_recslaveaddr          0x20002644    0x1  Data  Gb  cnscpackdeal.o [1]
l_uartrectime           0x200025e0    0x8  Data  Gb  usart.o [1]
localeconv              0x08001e2b   0x16  Code  Gb  localeconv.o [3]
main                    0x08004575   0x3c  Code  Gb  app.o [1]
malloc                  0x0800138d   0xac  Code  Gb  xxmemxmalloc.o [3]
memchr                  0x08001329         Code  Gb  memchr.o [5]
memcpy                  0x08003ed7    0xc  Code  Gb  memcpy.o [3]
pramstring              0x20000128    0x2  Data  Gb  iap_program.o [1]
printfcom1              0x08002dff   0x3c  Code  Gb  usart.o [1]
recbuf                  0x200023c0  0x100  Data  Gb  iap_program.o [1]
sd_crc16_table          0x080042b0  0x200  Data  Gb  crccheck.o [1]
startstring             0x20000004   0x14  Data  Gb  iap_program.o [1]
strchr                  0x080012d1         Code  Gb  strchr.o [5]
strlen                  0x080012f1         Code  Gb  strlen.o [5]
uart_init               0x08002b91   0xdc  Code  Gb  usart.o [1]
uartbuf                 0x20001d30  0x400  Data  Gb  usart.o [1]
vsprintf                0x08003ea5   0x2c  Code  Gb  vsprintf.o [3]


[1] = F:\iar\Micrium_uC-Eval-STM32F107_uCOS-III - 副本\Micrium\Software\EvalBoards\Micrium\uC-Eval-STM32F107\uCOS-III\IAR\Flash\Obj
[2] = command line
[3] = dl7M_tlf.a
[4] = m7M_tl.a
[5] = rt7M_tl.a
[6] = shb_l.a

  17 168 bytes of readonly  code memory
   1 166 bytes of readonly  data memory
   9 804 bytes of readwrite data memory

Errors: none
Warnings: none
